[backblue.gif]
[fade.gif]
[index.html]
[www.ninjaframework.org/css/site.css]
[ninja.allexample.com/apache-maven-fluido-1.3.1.min.js]
[ninja.allexample.com/forkme_right_gray_6d6d6d.png]
[s3.amazonaws.com/github/ribbons/forkme_right_gray_6d6d6d.png]
[ninja.allexample.com/ninja_logo.png]
[www.ninjaframework.org/js/apache-maven-fluido-1.3.1.min.js]
[ninja.allexample.com/maven-feather.png]
[ninja.allexample.com/index.html]
[ninja.allexample.com/glyphicons-halflings.png]
[ninja.allexample.com/glyphicons-halflings-white.png]
[ninja.allexample.com/window-new.png]
[ninja.allexample.com/internet-web-browser.png]
[ninja.allexample.com/accessories-text-editor.png]
[ninja.allexample.com/image-x-generic.png]
[ninja.allexample.com/package-x-generic.png]
[ninja.allexample.com/document-properties.png]
[ninja.allexample.com/application-certificate.png]
[ninja.allexample.com/drive-harddisk.png]
[ninja.allexample.com/network-server.png]
[ninja.allexample.com/contact-new.png]
[ninja.allexample.com/apache-maven-fluido-1.3.1.min.css]
[ninja.allexample.com/site.css]
[www.ninjaframework.org/css/site.css]
[ninja.allexample.com/print.css]
[ninja.allexample.com/favicon.html]
[ninja.allexample.com/NaPecZTIAOhVxoMyOr9n_E7fdMPmCQ.eot]
[ninja.allexample.com/css-family=Titillium+Web.css]
[ninja.allexample.com/QldKNThLqRwH-OJ1UHjlKGlZ5qw.eot]
[ninja.allexample.com/css-family=Inconsolata.css]
[ninja.allexample.com/fontawesome-webfont.eot-v=4.2.0]
[ninja.allexample.com/fontawesome-webfont.eot-]
[www.ninjaframework.org/css/apache-maven-fluido-1.3.1.min.css]
[ninja.allexample.com/fontawesome-webfont.woff-v=4.2.0]
[ninja.allexample.com/fontawesome-webfont.ttf-v=4.2.0]
[ninja.allexample.com/fontawesome-webfont.svg-v=4.2.0]
[ninja.allexample.com/font-awesome.min.css]
[ninja.allexample.com/introduction.html]
[ninja.allexample.com/high_level_overview.html]
[ninja.allexample.com/team.html]
[ninja.allexample.com/philosophy.html]
[ninja.allexample.com/training.html]
[ninja.allexample.com/support_plans.html]
[ninja.allexample.com/agile_custom_development.html]
[ninja.allexample.com/installing_ninja.html]
[ninja.allexample.com/basic_concepts.html]
[ninja.allexample.com/configuration_and_modes.html]
[ninja.allexample.com/getting_started.html]
[ninja.allexample.com/working_with_json_jsonp.html]
[ninja.allexample.com/working_with_xml.html]
[ninja.allexample.com/websockets.html]
[ninja.allexample.com/validation.html]
[ninja.allexample.com/content_negotiation.html]
[ninja.allexample.com/uploading_files.html]
[ninja.allexample.com/scheduler.html]
[ninja.allexample.com/lifecycle.html]
[ninja.allexample.com/jpa.html]
[ninja.allexample.com/using_the_cache.html]
[ninja.allexample.com/internationalization.html]
[ninja.allexample.com/static_assets.html]
[ninja.allexample.com/sending_mail.html]
[ninja.allexample.com/logging.html]
[ninja.allexample.com/custom_routing.html]
[ninja.allexample.com/servlet_bridge.html]
[ninja.allexample.com/console.html]
[ninja.allexample.com/getting_started-1.html]
[ninja.allexample.com/debugging.html]
[ninja.allexample.com/getting_started-2.html]
[ninja.allexample.com/getting_started-3.html]
[ninja.allexample.com/upgrade_guide.html]
[ninja.allexample.com/index-2.html]
[ninja.allexample.com/modules.html]
[ninja.allexample.com/security.html]
[ninja.allexample.com/changelog.html]
[ninja.allexample.com/roadmap.html]
[ninja.allexample.com/getting_started-4.html]
[ninja.allexample.com/brand-form=search-form.html]
[ninja.allexample.com/plusone.html]
[ninja.allexample.com/widgets.html]
[ninja.allexample.com/google_custom_search_watermark.html]
[www.ninjaframework.org/images/logos/maven-feather.png]
[www.ninjaframework.org/img/glyphicons-halflings.png]
[www.ninjaframework.org/img/glyphicons-halflings-white.png]
[www.ninjaframework.org/images/window-new.png]
[www.ninjaframework.org/images/internet-web-browser.png]
[www.ninjaframework.org/images/accessories-text-editor.png]
[www.ninjaframework.org/images/image-x-generic.png]
[www.ninjaframework.org/images/package-x-generic.png]
[www.ninjaframework.org/images/document-properties.png]
[www.ninjaframework.org/images/application-certificate.png]
[www.ninjaframework.org/images/drive-harddisk.png]
[www.ninjaframework.org/images/network-server.png]
[www.ninjaframework.org/images/contact-new.png]
[www.ninjaframework.org/css/apache-maven-fluido-1.3.1.min.css]
[ninja.allexample.com/logo-greenback.html]
[ninja.allexample.com/create_your_first_application.html]
[ninja.allexample.com/setting_up_your_ide.html]
[ninja.allexample.com/the_anatomy_of_a_ninja_application.html]
[ninja.allexample.com/super_dev_mode.html]
[ninja.allexample.com/routing.html]
[ninja.allexample.com/controllers.html]
[ninja.allexample.com/filters.html]
[ninja.allexample.com/argument_extractors.html]
[ninja.allexample.com/dependency_injection.html]
[ninja.allexample.com/sessions.html]
[ninja.allexample.com/flash_scope.html]
[ninja.allexample.com/error_handling.html]
[ninja.allexample.com/metrics.html]
[ninja.allexample.com/rendering_objects.html]
[ninja.allexample.com/form_parsing.html]
[ninja.allexample.com/implicit_functions.html]
[ninja.allexample.com/custom_configuration.html]
[ninja.allexample.com/db_migrations.html]
[ninja.allexample.com/mocked_tests.html]
[ninja.allexample.com/ninja_test.html]
[ninja.allexample.com/ninja_doctester.html]
[ninja.allexample.com/ninja_fluentlenium_test.html]
[ninja.allexample.com/ninja_recycled_tester.html]
[ninja.allexample.com/advanced.html]
[ninja.allexample.com/ninja_standalone.html]
[ninja.allexample.com/multi_module_maven_project.html]
[ninja.allexample.com/war_based_deployment.html]
[ninja.allexample.com/cloud_hosting_options.html]
[ninja.allexample.com/script.js]
[www.ninjaframework.org/apidocs/script.js]
[ninja.allexample.com/overview-frame.html]
[ninja.allexample.com/allclasses-frame.html]
[ninja.allexample.com/overview-summary.html]
[ninja.allexample.com/stylesheet.css]
[ninja.allexample.com/package-frame.html]
[ninja.allexample.com/package-frame-1.html]
[ninja.allexample.com/package-frame-2.html]
[ninja.allexample.com/package-frame-3.html]
[ninja.allexample.com/package-frame-4.html]
[ninja.allexample.com/package-frame-5.html]
[ninja.allexample.com/package-frame-6.html]
[ninja.allexample.com/package-frame-7.html]
[ninja.allexample.com/package-frame-8.html]
[ninja.allexample.com/package-frame-9.html]
[ninja.allexample.com/package-frame-10.html]
[ninja.allexample.com/package-frame-11.html]
[ninja.allexample.com/package-frame-12.html]
[ninja.allexample.com/package-frame-13.html]
[ninja.allexample.com/package-frame-14.html]
[ninja.allexample.com/package-frame-15.html]
[ninja.allexample.com/package-frame-16.html]
[ninja.allexample.com/package-frame-17.html]
[ninja.allexample.com/package-frame-18.html]
[ninja.allexample.com/package-frame-19.html]
[ninja.allexample.com/package-frame-20.html]
[ninja.allexample.com/package-frame-21.html]
[ninja.allexample.com/package-frame-22.html]
[ninja.allexample.com/AbstractConsole.html]
[ninja.allexample.com/AbstractContext.html]
[ninja.allexample.com/AbstractStandalone.html]
[ninja.allexample.com/AbstractWebSocketHandshake.html]
[ninja.allexample.com/ApplicationFilters.html]
[ninja.allexample.com/ApplicationRoutes.html]
[ninja.allexample.com/ArgumentClassHolder.html]
[ninja.allexample.com/ArgumentExtractor.html]
[ninja.allexample.com/ArgumentExtractors.html]
[ninja.allexample.com/ArgumentExtractors.AttributeExtractor.html]
[ninja.allexample.com/ArgumentExtractors.BodyAsExtractor.html]
[ninja.allexample.com/ArgumentExtractors.ContextExtractor.html]
[ninja.allexample.com/ArgumentExtractors.FileItemParamExtractor.html]
[ninja.allexample.com/ArgumentExtractors.FileItemParamsExtractor.html]
[ninja.allexample.com/ArgumentExtractors.FileParamExtractor.html]
[ninja.allexample.com/ArgumentExtractors.FileParamsExtractor.html]
[ninja.allexample.com/ArgumentExtractors.FlashExtractor.html]
[ninja.allexample.com/ArgumentExtractors.HeaderExtractor.html]
[ninja.allexample.com/ArgumentExtractors.HeadersExtractor.html]
[ninja.allexample.com/ArgumentExtractors.InputStreamParamExtractor.html]
[ninja.allexample.com/ArgumentExtractors.InputStreamParamsExtractor.html]
[ninja.allexample.com/ArgumentExtractors.ParamExtractor.html]
[ninja.allexample.com/ArgumentExtractors.ParamsExtractor.html]
[ninja.allexample.com/ArgumentExtractors.PathParamExtractor.html]
[ninja.allexample.com/ArgumentExtractors.SessionExtractor.html]
[ninja.allexample.com/ArgumentExtractors.SessionParamExtractor.html]
[ninja.allexample.com/ArgumentExtractors.ValidationExtractor.html]
[ninja.allexample.com/AssetsController.html]
[ninja.allexample.com/AssetsControllerHelper.html]
[ninja.allexample.com/AsyncResult.html]
[ninja.allexample.com/Attribute.html]
[ninja.allexample.com/AuthenticityFilter.html]
[ninja.allexample.com/AutoStandalone.html]
[ninja.allexample.com/BadRequestException.html]
[ninja.allexample.com/BasicAuthFilter.html]
[ninja.allexample.com/BodyParserEngine.html]
[ninja.allexample.com/BodyParserEngineJson.html]
[ninja.allexample.com/BodyParserEngineManager.html]
[ninja.allexample.com/BodyParserEngineManagerImpl.html]
[ninja.allexample.com/BodyParserEngineMultipartPost.html]
[ninja.allexample.com/BodyParserEnginePost.html]
[ninja.allexample.com/BodyParserEngineXml.html]
[ninja.allexample.com/Bootstrap.html]
[ninja.allexample.com/Cache.html]
[ninja.allexample.com/CacheEhCacheImpl.html]
[ninja.allexample.com/CacheException.html]
[ninja.allexample.com/CacheMemcachedImpl.html]
[ninja.allexample.com/CacheProvider.html]
[ninja.allexample.com/Clock.html]
[ninja.allexample.com/ClockImpl.html]
[ninja.allexample.com/Console-1.html]
[ninja.allexample.com/ConstraintViolation.html]
[ninja.allexample.com/ContentTypes.html]
[ninja.allexample.com/Context.html]
[ninja.allexample.com/Context.HTTP_STATUS.html]
[ninja.allexample.com/Context.Impl.html]
[ninja.allexample.com/ControllerMethodInvoker.html]
[ninja.allexample.com/ControllerMethods.html]
[ninja.allexample.com/ControllerMethods.ControllerMethod.html]
[ninja.allexample.com/ControllerMethods.ControllerMethod0.html]
[ninja.allexample.com/ControllerMethods.ControllerMethod1.html]
[ninja.allexample.com/ControllerMethods.ControllerMethod10.html]
[ninja.allexample.com/ControllerMethods.ControllerMethod11.html]
[ninja.allexample.com/ControllerMethods.ControllerMethod12.html]
[ninja.allexample.com/ControllerMethods.ControllerMethod13.html]
[ninja.allexample.com/ControllerMethods.ControllerMethod14.html]
[ninja.allexample.com/ControllerMethods.ControllerMethod15.html]
[ninja.allexample.com/ControllerMethods.ControllerMethod2.html]
[ninja.allexample.com/ControllerMethods.ControllerMethod3.html]
[ninja.allexample.com/ControllerMethods.ControllerMethod4.html]
[ninja.allexample.com/ControllerMethods.ControllerMethod5.html]
[ninja.allexample.com/ControllerMethods.ControllerMethod6.html]
[ninja.allexample.com/ControllerMethods.ControllerMethod7.html]
[ninja.allexample.com/ControllerMethods.ControllerMethod8.html]
[ninja.allexample.com/ControllerMethods.ControllerMethod9.html]
[ninja.allexample.com/Cookie.html]
[ninja.allexample.com/Cookie.Builder.html]
[ninja.allexample.com/CookieDataCodec.html]
[ninja.allexample.com/CookieEncryption.html]
[ninja.allexample.com/Crypto.html]
[ninja.allexample.com/DateUtil.html]
[ninja.allexample.com/DefaultWebSockets.html]
[ninja.allexample.com/DiagnosticError.html]
[ninja.allexample.com/DiagnosticErrorBuilder.html]
[ninja.allexample.com/DiagnosticErrorRenderer.html]
[ninja.allexample.com/DiskFileItemProvider.html]
[ninja.allexample.com/Dispose.html]
[ninja.allexample.com/FailedDisposeException.html]
[ninja.allexample.com/FailedStartException.html]
[ninja.allexample.com/FieldViolation.html]
[ninja.allexample.com/FileItem.html]
[ninja.allexample.com/FileItemProvider.html]
[ninja.allexample.com/FileProvider.html]
[ninja.allexample.com/Filter.html]
[ninja.allexample.com/FilterChain.html]
[ninja.allexample.com/FilterWith.html]
[ninja.allexample.com/FlashScope.html]
[ninja.allexample.com/FlashScopeImpl.html]
[ninja.allexample.com/ForbiddenRequestException.html]
[ninja.allexample.com/ForwardingServiceLoader.html]
[ninja.allexample.com/FrameworkModule.html]
[ninja.allexample.com/Header.html]
[ninja.allexample.com/Headers.html]
[ninja.allexample.com/HttpCacheToolkit.html]
[ninja.allexample.com/HttpCacheToolkitImpl.html]
[ninja.allexample.com/HttpHeaderConstants.html]
[ninja.allexample.com/HttpHeaderUtils.html]
[ninja.allexample.com/ImplFromPropertiesFactory.html]
[ninja.allexample.com/InternalServerErrorException.html]
[ninja.allexample.com/IsDate.html]
[ninja.allexample.com/IsEnum.html]
[ninja.allexample.com/IsFloat.html]
[ninja.allexample.com/IsInteger.html]
[ninja.allexample.com/IsUUID.html]
[ninja.allexample.com/JpaInitializer.html]
[ninja.allexample.com/JpaModule.html]
[ninja.allexample.com/JSR303Validation.html]
[ninja.allexample.com/LambdaRoute.html]
[ninja.allexample.com/Lambdas.html]
[ninja.allexample.com/Lambdas.Kind.html]
[ninja.allexample.com/Lambdas.LambdaInfo.html]
[ninja.allexample.com/Lang.html]
[ninja.allexample.com/LangImpl.html]
[ninja.allexample.com/Length.html]
[ninja.allexample.com/LifecycleException.html]
[ninja.allexample.com/LifecycleService.html]
[ninja.allexample.com/LifecycleServiceImpl.html]
[ninja.allexample.com/LifecycleSupport.html]
[ninja.allexample.com/LogbackConfigurator.html]
[ninja.allexample.com/LoggerProvider.html]
[ninja.allexample.com/Matches.html]
[ninja.allexample.com/MemoryFileItemProvider.html]
[ninja.allexample.com/Message.html]
[ninja.allexample.com/Messages.html]
[ninja.allexample.com/MessagesImpl.html]
[ninja.allexample.com/MethodReference.html]
[ninja.allexample.com/MigrationEngine.html]
[ninja.allexample.com/MigrationEngineFlyway.html]
[ninja.allexample.com/MigrationEngineProvider.html]
[ninja.allexample.com/MigrationInitializer.html]
[ninja.allexample.com/MimeTypes.html]
[ninja.allexample.com/Ninja.html]
[ninja.allexample.com/NinjaBaseDirectoryResolver.html]
[ninja.allexample.com/NinjaBaseModule.html]
[ninja.allexample.com/NinjaCache.html]
[ninja.allexample.com/NinjaClassicModule.html]
[ninja.allexample.com/NinjaConsole.html]
[ninja.allexample.com/NinjaConsole.ConsoleBootstrap.html]
[ninja.allexample.com/NinjaConstant.html]
[ninja.allexample.com/NinjaDefault.html]
[ninja.allexample.com/NinjaException.html]
[ninja.allexample.com/NinjaMode.html]
[ninja.allexample.com/NinjaModeHelper.html]
[ninja.allexample.com/NinjaProperties.html]
[ninja.allexample.com/NinjaPropertiesImpl.html]
[ninja.allexample.com/NinjaPropertiesImplTool.html]
[ninja.allexample.com/NoFileItemProvider.html]
[ninja.allexample.com/NoHttpBody.html]
[ninja.allexample.com/NumberValue.html]
[ninja.allexample.com/ObjectMapperProvider.html]
[ninja.allexample.com/OverlayedNinjaProperties.html]
[ninja.allexample.com/Param.html]
[ninja.allexample.com/ParamParser.html]
[ninja.allexample.com/ParamParsers.html]
[ninja.allexample.com/ParamParsers.ArrayParamParser.html]
[ninja.allexample.com/ParamParsers.BooleanParamParser.html]
[ninja.allexample.com/ParamParsers.ByteParamParser.html]
[ninja.allexample.com/ParamParsers.CharacterParamParser.html]
[ninja.allexample.com/ParamParsers.CsvParamParser.html]
[ninja.allexample.com/ParamParsers.DateParamParser.html]
[ninja.allexample.com/ParamParsers.DoubleParamParser.html]
[ninja.allexample.com/ParamParsers.EmptyStringParamParser.html]
[ninja.allexample.com/ParamParsers.FloatParamParser.html]
[ninja.allexample.com/ParamParsers.GenericEnumParamParser.html]
[ninja.allexample.com/ParamParsers.IntegerParamParser.html]
[ninja.allexample.com/ParamParsers.ListParamParser.html]
[ninja.allexample.com/ParamParsers.LongParamParser.html]
[ninja.allexample.com/ParamParsers.PrimitiveBooleanParamParser.html]
[ninja.allexample.com/ParamParsers.PrimitiveByteParamParser.html]
[ninja.allexample.com/ParamParsers.PrimitiveCharacterParamParser.html]
[ninja.allexample.com/ParamParsers.PrimitiveDoubleParamParser.html]
[ninja.allexample.com/ParamParsers.PrimitiveFloatParamParser.html]
[ninja.allexample.com/ParamParsers.PrimitiveIntegerParamParser.html]
[ninja.allexample.com/ParamParsers.PrimitiveLongParamParser.html]
[ninja.allexample.com/ParamParsers.PrimitiveShortParamParser.html]
[ninja.allexample.com/ParamParsers.ShortParamParser.html]
[ninja.allexample.com/ParamParsers.StringParamParser.html]
[ninja.allexample.com/ParamParsers.UUIDParamParser.html]
[ninja.allexample.com/Params.html]
[ninja.allexample.com/ParsingArgumentExtractor.html]
[ninja.allexample.com/ParsingArrayExtractor.html]
[ninja.allexample.com/PathParam.html]
[ninja.allexample.com/Renderable.html]
[ninja.allexample.com/RenderingException.html]
[ninja.allexample.com/RequestNotFoundException.html]
[ninja.allexample.com/Required.html]
[ninja.allexample.com/ResponseStreams.html]
[ninja.allexample.com/Result.html]
[ninja.allexample.com/ResultHandler.html]
[ninja.allexample.com/Results.html]
[ninja.allexample.com/ReverseRouter.html]
[ninja.allexample.com/ReverseRouter.Builder.html]
[ninja.allexample.com/Route.html]
[ninja.allexample.com/RouteBuilder.html]
[ninja.allexample.com/RouteBuilderImpl.html]
[ninja.allexample.com/RouteParameter.html]
[ninja.allexample.com/Router.html]
[ninja.allexample.com/RouterImpl.html]
[ninja.allexample.com/RoutingException.html]
[ninja.allexample.com/Schedule.html]
[ninja.allexample.com/Scheduler-1.html]
[ninja.allexample.com/SchedulerSupport.html]
[ninja.allexample.com/SecretGenerator.html]
[ninja.allexample.com/SecureFilter.html]
[ninja.allexample.com/Session.html]
[ninja.allexample.com/SessionImpl.html]
[ninja.allexample.com/SessionParam.html]
[ninja.allexample.com/SourceSnippet.html]
[ninja.allexample.com/SourceSnippetHelper.html]
[ninja.allexample.com/Standalone.html]
[ninja.allexample.com/StandaloneHelper.html]
[ninja.allexample.com/Start.html]
[ninja.allexample.com/State.html]
[ninja.allexample.com/SwissKnife.html]
[ninja.allexample.com/TemplateEngine.html]
[ninja.allexample.com/TemplateEngineFreemarker.html]
[ninja.allexample.com/TemplateEngineFreemarkerAssetsAtMethod.html]
[ninja.allexample.com/TemplateEngineFreemarkerAuthenticityFormDirective.html]
[ninja.allexample.com/TemplateEngineFreemarkerAuthenticityTokenDirective.html]
[ninja.allexample.com/TemplateEngineFreemarkerEscapedLoader.html]
[ninja.allexample.com/TemplateEngineFreemarkerExceptionHandler.html]
[ninja.allexample.com/TemplateEngineFreemarkerI18nMethod.html]
[ninja.allexample.com/TemplateEngineFreemarkerPrettyTimeMethod.html]
[ninja.allexample.com/TemplateEngineFreemarkerReverseRouteHelper.html]
[ninja.allexample.com/TemplateEngineFreemarkerReverseRouteMethod.html]
[ninja.allexample.com/TemplateEngineFreemarkerWebJarsAtMethod.html]
[ninja.allexample.com/TemplateEngineHelper.html]
[ninja.allexample.com/TemplateEngineJson.html]
[ninja.allexample.com/TemplateEngineJsonP.html]
[ninja.allexample.com/TemplateEngineManager.html]
[ninja.allexample.com/TemplateEngineManagerImpl.html]
[ninja.allexample.com/TemplateEngineText.html]
[ninja.allexample.com/TemplateEngineXml.html]
[ninja.allexample.com/TimeUtil.html]
[ninja.allexample.com/UnitOfWork.html]
[ninja.allexample.com/UnitOfWorkInterceptor.html]
[ninja.allexample.com/UsernamePasswordValidator.html]
[ninja.allexample.com/ValidatingArgumentExtractor.html]
[ninja.allexample.com/Validation-1.html]
[ninja.allexample.com/ValidationImpl.html]
[ninja.allexample.com/Validator.html]
[ninja.allexample.com/Validators.html]
[ninja.allexample.com/Validators.DateValidator.html]
[ninja.allexample.com/Validators.EnumValidator.html]
[ninja.allexample.com/Validators.FloatValidator.html]
[ninja.allexample.com/Validators.IntegerValidator.html]
[ninja.allexample.com/Validators.JSRValidator.html]
[ninja.allexample.com/Validators.LengthValidator.html]
[ninja.allexample.com/Validators.MatchesValidator.html]
[ninja.allexample.com/Validators.NumberValidator.html]
[ninja.allexample.com/Validators.RequiredValidator.html]
[ninja.allexample.com/Validators.UUIDValidator.html]
[ninja.allexample.com/WebSocketHandshake.html]
[ninja.allexample.com/WebSocketHandshakeExtractor.html]
[ninja.allexample.com/WebSockets-1.html]
[ninja.allexample.com/WebSocketUtils.html]
[ninja.allexample.com/WithArgumentExtractor.html]
[ninja.allexample.com/WithArgumentExtractors.html]
[ninja.allexample.com/WithControllerMethod.html]
[ninja.allexample.com/WithValidator.html]
[ninja.allexample.com/WrappedContext.html]
[ninja.allexample.com/XmlMapperProvider.html]
[ninja.allexample.com/overview-tree.html]
[ninja.allexample.com/deprecated-list.html]
[ninja.allexample.com/index-all.html]
[ninja.allexample.com/help-doc.html]
[ninja.allexample.com/index.html-overview-summary.html]
[ninja.allexample.com/allclasses-noframe.html]
[ninja.allexample.com/package-summary.html]
[ninja.allexample.com/package-summary-1.html]
[ninja.allexample.com/package-summary-2.html]
[ninja.allexample.com/package-summary-3.html]
[ninja.allexample.com/package-summary-4.html]
[ninja.allexample.com/package-summary-5.html]
[ninja.allexample.com/package-summary-6.html]
[ninja.allexample.com/package-summary-7.html]
[ninja.allexample.com/package-summary-8.html]
[ninja.allexample.com/package-summary-9.html]
[ninja.allexample.com/package-summary-10.html]
[ninja.allexample.com/package-summary-11.html]
[ninja.allexample.com/package-summary-12.html]
[ninja.allexample.com/package-summary-13.html]
[ninja.allexample.com/package-summary-14.html]
[ninja.allexample.com/package-summary-15.html]
[ninja.allexample.com/package-summary-16.html]
[ninja.allexample.com/package-summary-17.html]
[ninja.allexample.com/package-summary-18.html]
[ninja.allexample.com/package-summary-19.html]
[ninja.allexample.com/package-summary-20.html]
[ninja.allexample.com/package-summary-21.html]
[ninja.allexample.com/package-summary-22.html]
[ninja.allexample.com/dejavu.html]
[ninja.allexample.com/AbstractConsole-1.html]
[ninja.allexample.com/package-tree.html]
[ninja.allexample.com/index.html-ninja-standalone-AbstractConsole.html]
[ninja.allexample.com/AbstractContext-1.html]
[ninja.allexample.com/package-tree-1.html]
[ninja.allexample.com/index.html-ninja-utils-AbstractContext.html]
[ninja.allexample.com/AbstractStandalone-1.html]
[ninja.allexample.com/index.html-ninja-standalone-AbstractStandalone.html]
[ninja.allexample.com/AbstractWebSocketHandshake-1.html]
[ninja.allexample.com/package-tree-2.html]
[ninja.allexample.com/index.html-ninja-websockets-AbstractWebSocketHandshake.html]
[ninja.allexample.com/ApplicationFilters-1.html]
[ninja.allexample.com/package-tree-3.html]
[ninja.allexample.com/index.html-ninja-application-ApplicationFilters.html]
[ninja.allexample.com/ApplicationRoutes-1.html]
[ninja.allexample.com/index.html-ninja-application-ApplicationRoutes.html]
[ninja.allexample.com/ArgumentClassHolder-1.html]
[ninja.allexample.com/package-tree-4.html]
[ninja.allexample.com/index.html-ninja-params-ArgumentClassHolder.html]
[ninja.allexample.com/ArgumentExtractor-1.html]
[ninja.allexample.com/index.html-ninja-params-ArgumentExtractor.html]
[ninja.allexample.com/ArgumentExtractors-1.html]
[ninja.allexample.com/index.html-ninja-params-ArgumentExtractors.html]
[ninja.allexample.com/ArgumentExtractors.AttributeExtractor-1.html]
[ninja.allexample.com/index.html-ninja-params-ArgumentExtractors.AttributeExtractor.html]
[ninja.allexample.com/ArgumentExtractors.BodyAsExtractor-1.html]
[ninja.allexample.com/index.html-ninja-params-ArgumentExtractors.BodyAsExtractor.html]
[ninja.allexample.com/ArgumentExtractors.ContextExtractor-1.html]
[ninja.allexample.com/index.html-ninja-params-ArgumentExtractors.ContextExtractor.html]
[ninja.allexample.com/ArgumentExtractors.FileItemParamExtractor-1.html]
[ninja.allexample.com/index.html-ninja-params-ArgumentExtractors.FileItemParamExtractor.html]
[ninja.allexample.com/ArgumentExtractors.FileItemParamsExtractor-1.html]
[ninja.allexample.com/index.html-ninja-params-ArgumentExtractors.FileItemParamsExtractor.html]
[ninja.allexample.com/ArgumentExtractors.FileParamExtractor-1.html]
[ninja.allexample.com/index.html-ninja-params-ArgumentExtractors.FileParamExtractor.html]
[ninja.allexample.com/ArgumentExtractors.FileParamsExtractor-1.html]
[ninja.allexample.com/index.html-ninja-params-ArgumentExtractors.FileParamsExtractor.html]
[ninja.allexample.com/ArgumentExtractors.FlashExtractor-1.html]
[ninja.allexample.com/index.html-ninja-params-ArgumentExtractors.FlashExtractor.html]
[ninja.allexample.com/ArgumentExtractors.HeaderExtractor-1.html]
[ninja.allexample.com/index.html-ninja-params-ArgumentExtractors.HeaderExtractor.html]
[ninja.allexample.com/ArgumentExtractors.HeadersExtractor-1.html]
[ninja.allexample.com/index.html-ninja-params-ArgumentExtractors.HeadersExtractor.html]
[ninja.allexample.com/ArgumentExtractors.InputStreamParamExtractor-1.html]
[ninja.allexample.com/index.html-ninja-params-ArgumentExtractors.InputStreamParamExtractor.html]
[ninja.allexample.com/ArgumentExtractors.InputStreamParamsExtractor-1.html]
[ninja.allexample.com/index.html-ninja-params-ArgumentExtractors.InputStreamParamsExtractor.html]
[ninja.allexample.com/ArgumentExtractors.ParamExtractor-1.html]
[ninja.allexample.com/index.html-ninja-params-ArgumentExtractors.ParamExtractor.html]
[ninja.allexample.com/ArgumentExtractors.ParamsExtractor-1.html]
[ninja.allexample.com/index.html-ninja-params-ArgumentExtractors.ParamsExtractor.html]
[ninja.allexample.com/ArgumentExtractors.PathParamExtractor-1.html]
[ninja.allexample.com/index.html-ninja-params-ArgumentExtractors.PathParamExtractor.html]
[ninja.allexample.com/ArgumentExtractors.SessionExtractor-1.html]
[ninja.allexample.com/index.html-ninja-params-ArgumentExtractors.SessionExtractor.html]
[ninja.allexample.com/ArgumentExtractors.SessionParamExtractor-1.html]
[ninja.allexample.com/index.html-ninja-params-ArgumentExtractors.SessionParamExtractor.html]
[ninja.allexample.com/ArgumentExtractors.ValidationExtractor-1.html]
[ninja.allexample.com/index.html-ninja-params-ArgumentExtractors.ValidationExtractor.html]
[ninja.allexample.com/AssetsController-1.html]
[ninja.allexample.com/package-tree-5.html]
[ninja.allexample.com/index.html-ninja-AssetsController.html]
[ninja.allexample.com/constant-values.html]
[ninja.allexample.com/AssetsControllerHelper-1.html]
[ninja.allexample.com/index.html-ninja-AssetsControllerHelper.html]
[ninja.allexample.com/AsyncResult-1.html]
[ninja.allexample.com/index.html-ninja-AsyncResult.html]
[ninja.allexample.com/Attribute-1.html]
[ninja.allexample.com/index.html-ninja-params-Attribute.html]
[ninja.allexample.com/AuthenticityFilter-1.html]
[ninja.allexample.com/index.html-ninja-AuthenticityFilter.html]
[ninja.allexample.com/AutoStandalone-1.html]
[ninja.allexample.com/index.html-ninja-standalone-AutoStandalone.html]
[ninja.allexample.com/BadRequestException-1.html]
[ninja.allexample.com/package-tree-6.html]
[ninja.allexample.com/index.html-ninja-exceptions-BadRequestException.html]
[ninja.allexample.com/serialized-form.html]
[ninja.allexample.com/BasicAuthFilter-1.html]
[ninja.allexample.com/index.html-ninja-BasicAuthFilter.html]
[ninja.allexample.com/BodyParserEngine-1.html]
[ninja.allexample.com/package-tree-7.html]
[ninja.allexample.com/index.html-ninja-bodyparser-BodyParserEngine.html]
[ninja.allexample.com/BodyParserEngineJson-1.html]
[ninja.allexample.com/index.html-ninja-bodyparser-BodyParserEngineJson.html]
[ninja.allexample.com/BodyParserEngineManager-1.html]
[ninja.allexample.com/index.html-ninja-bodyparser-BodyParserEngineManager.html]
[ninja.allexample.com/BodyParserEngineManagerImpl-1.html]
[ninja.allexample.com/index.html-ninja-bodyparser-BodyParserEngineManagerImpl.html]
[ninja.allexample.com/BodyParserEngineMultipartPost-1.html]
[ninja.allexample.com/index.html-ninja-bodyparser-BodyParserEngineMultipartPost.html]
[ninja.allexample.com/BodyParserEnginePost-1.html]
[ninja.allexample.com/index.html-ninja-bodyparser-BodyParserEnginePost.html]
[ninja.allexample.com/BodyParserEngineXml-1.html]
[ninja.allexample.com/index.html-ninja-bodyparser-BodyParserEngineXml.html]
[ninja.allexample.com/Bootstrap-1.html]
[ninja.allexample.com/index.html-ninja-Bootstrap.html]
[ninja.allexample.com/Cache-1.html]
[ninja.allexample.com/package-tree-8.html]
[ninja.allexample.com/index.html-ninja-cache-Cache.html]
[ninja.allexample.com/CacheEhCacheImpl-1.html]
[ninja.allexample.com/index.html-ninja-cache-CacheEhCacheImpl.html]
[ninja.allexample.com/CacheException-1.html]
[ninja.allexample.com/index.html-ninja-cache-CacheException.html]
[ninja.allexample.com/CacheMemcachedImpl-1.html]
[ninja.allexample.com/index.html-ninja-cache-CacheMemcachedImpl.html]
[ninja.allexample.com/CacheProvider-1.html]
[ninja.allexample.com/index.html-ninja-cache-CacheProvider.html]
[ninja.allexample.com/Clock-1.html]
[ninja.allexample.com/index.html-ninja-utils-Clock.html]
[ninja.allexample.com/ClockImpl-1.html]
[ninja.allexample.com/index.html-ninja-utils-ClockImpl.html]
[ninja.allexample.com/Console-2.html]
[ninja.allexample.com/index.html-ninja-standalone-Console.html]
[ninja.allexample.com/ConstraintViolation-1.html]
[ninja.allexample.com/package-tree-9.html]
[ninja.allexample.com/index.html-ninja-validation-ConstraintViolation.html]
[ninja.allexample.com/ContentTypes-1.html]
[ninja.allexample.com/index.html-ninja-ContentTypes.html]
[ninja.allexample.com/Context-1.html]
[ninja.allexample.com/index.html-ninja-Context.html]
[ninja.allexample.com/Context.HTTP_STATUS-1.html]
[ninja.allexample.com/index.html-ninja-Context.HTTP_STATUS.html]
[ninja.allexample.com/Context.Impl-1.html]
[ninja.allexample.com/index.html-ninja-Context.Impl.html]
[ninja.allexample.com/ControllerMethodInvoker-1.html]
[ninja.allexample.com/index.html-ninja-params-ControllerMethodInvoker.html]
[ninja.allexample.com/ControllerMethods-1.html]
[ninja.allexample.com/index.html-ninja-ControllerMethods.html]
[ninja.allexample.com/ControllerMethods.ControllerMethod-1.html]
[ninja.allexample.com/index.html-ninja-ControllerMethods.ControllerMethod.html]
[ninja.allexample.com/ControllerMethods.ControllerMethod0-1.html]
[ninja.allexample.com/index.html-ninja-ControllerMethods.ControllerMethod0.html]
[ninja.allexample.com/ControllerMethods.ControllerMethod1-1.html]
[ninja.allexample.com/index.html-ninja-ControllerMethods.ControllerMethod1.html]
[ninja.allexample.com/ControllerMethods.ControllerMethod10-1.html]
[ninja.allexample.com/index.html-ninja-ControllerMethods.ControllerMethod10.html]
[ninja.allexample.com/ControllerMethods.ControllerMethod11-1.html]
[ninja.allexample.com/index.html-ninja-ControllerMethods.ControllerMethod11.html]
[ninja.allexample.com/ControllerMethods.ControllerMethod12-1.html]
[ninja.allexample.com/index.html-ninja-ControllerMethods.ControllerMethod12.html]
[ninja.allexample.com/ControllerMethods.ControllerMethod13-1.html]
[ninja.allexample.com/index.html-ninja-ControllerMethods.ControllerMethod13.html]
[ninja.allexample.com/ControllerMethods.ControllerMethod14-1.html]
[ninja.allexample.com/index.html-ninja-ControllerMethods.ControllerMethod14.html]
[ninja.allexample.com/ControllerMethods.ControllerMethod15-1.html]
[ninja.allexample.com/index.html-ninja-ControllerMethods.ControllerMethod15.html]
[ninja.allexample.com/ControllerMethods.ControllerMethod2-1.html]
[ninja.allexample.com/index.html-ninja-ControllerMethods.ControllerMethod2.html]
[ninja.allexample.com/ControllerMethods.ControllerMethod3-1.html]
[ninja.allexample.com/index.html-ninja-ControllerMethods.ControllerMethod3.html]
[ninja.allexample.com/ControllerMethods.ControllerMethod4-1.html]
[ninja.allexample.com/index.html-ninja-ControllerMethods.ControllerMethod4.html]
[ninja.allexample.com/ControllerMethods.ControllerMethod5-1.html]
[ninja.allexample.com/index.html-ninja-ControllerMethods.ControllerMethod5.html]
[ninja.allexample.com/ControllerMethods.ControllerMethod6-1.html]
[ninja.allexample.com/index.html-ninja-ControllerMethods.ControllerMethod6.html]
[ninja.allexample.com/ControllerMethods.ControllerMethod7-1.html]
[ninja.allexample.com/index.html-ninja-ControllerMethods.ControllerMethod7.html]
[ninja.allexample.com/ControllerMethods.ControllerMethod8-1.html]
[ninja.allexample.com/index.html-ninja-ControllerMethods.ControllerMethod8.html]
[ninja.allexample.com/ControllerMethods.ControllerMethod9-1.html]
[ninja.allexample.com/index.html-ninja-ControllerMethods.ControllerMethod9.html]
[ninja.allexample.com/Cookie-1.html]
[ninja.allexample.com/index.html-ninja-Cookie.html]
[ninja.allexample.com/Cookie.Builder-1.html]
[ninja.allexample.com/index.html-ninja-Cookie.Builder.html]
[ninja.allexample.com/CookieDataCodec-1.html]
[ninja.allexample.com/index.html-ninja-utils-CookieDataCodec.html]
[ninja.allexample.com/CookieEncryption-1.html]
[ninja.allexample.com/index.html-ninja-utils-CookieEncryption.html]
[ninja.allexample.com/Crypto-1.html]
[ninja.allexample.com/index.html-ninja-utils-Crypto.html]
[ninja.allexample.com/DateUtil-1.html]
[ninja.allexample.com/index.html-ninja-utils-DateUtil.html]
[ninja.allexample.com/DefaultWebSockets-1.html]
[ninja.allexample.com/index.html-ninja-websockets-DefaultWebSockets.html]
[ninja.allexample.com/DiagnosticError-1.html]
[ninja.allexample.com/package-tree-10.html]
[ninja.allexample.com/index.html-ninja-diagnostics-DiagnosticError.html]
[ninja.allexample.com/DiagnosticErrorBuilder-1.html]
[ninja.allexample.com/index.html-ninja-diagnostics-DiagnosticErrorBuilder.html]
[ninja.allexample.com/DiagnosticErrorRenderer-1.html]
[ninja.allexample.com/index.html-ninja-diagnostics-DiagnosticErrorRenderer.html]
[ninja.allexample.com/DiskFileItemProvider-1.html]
[ninja.allexample.com/package-tree-11.html]
[ninja.allexample.com/index.html-ninja-uploads-DiskFileItemProvider.html]
[ninja.allexample.com/Dispose-1.html]
[ninja.allexample.com/package-tree-12.html]
[ninja.allexample.com/index.html-ninja-lifecycle-Dispose.html]
[ninja.allexample.com/FailedDisposeException-1.html]
[ninja.allexample.com/index.html-ninja-lifecycle-FailedDisposeException.html]
[ninja.allexample.com/FailedStartException-1.html]
[ninja.allexample.com/index.html-ninja-lifecycle-FailedStartException.html]
[ninja.allexample.com/FieldViolation-1.html]
[ninja.allexample.com/index.html-ninja-validation-FieldViolation.html]
[ninja.allexample.com/FileItem-1.html]
[ninja.allexample.com/index.html-ninja-uploads-FileItem.html]
[ninja.allexample.com/FileItemProvider-1.html]
[ninja.allexample.com/index.html-ninja-uploads-FileItemProvider.html]
[ninja.allexample.com/FileProvider-1.html]
[ninja.allexample.com/index.html-ninja-uploads-FileProvider.html]
[ninja.allexample.com/Filter-1.html]
[ninja.allexample.com/index.html-ninja-Filter.html]
[ninja.allexample.com/FilterChain-1.html]
[ninja.allexample.com/index.html-ninja-FilterChain.html]
[ninja.allexample.com/FilterWith-1.html]
[ninja.allexample.com/index.html-ninja-FilterWith.html]
[ninja.allexample.com/FlashScope-1.html]
[ninja.allexample.com/package-tree-13.html]
[ninja.allexample.com/index.html-ninja-session-FlashScope.html]
[ninja.allexample.com/FlashScopeImpl-1.html]
[ninja.allexample.com/index.html-ninja-session-FlashScopeImpl.html]
[ninja.allexample.com/ForbiddenRequestException-1.html]
[ninja.allexample.com/index.html-ninja-exceptions-ForbiddenRequestException.html]
[ninja.allexample.com/ForwardingServiceLoader-1.html]
[ninja.allexample.com/index.html-ninja-utils-ForwardingServiceLoader.html]
[ninja.allexample.com/FrameworkModule-1.html]
[ninja.allexample.com/package-tree-14.html]
[ninja.allexample.com/index.html-ninja-conf-FrameworkModule.html]
[ninja.allexample.com/Header-1.html]
[ninja.allexample.com/index.html-ninja-params-Header.html]
[ninja.allexample.com/Headers-1.html]
[ninja.allexample.com/index.html-ninja-params-Headers.html]
[ninja.allexample.com/HttpCacheToolkit-1.html]
[ninja.allexample.com/index.html-ninja-utils-HttpCacheToolkit.html]
[ninja.allexample.com/HttpCacheToolkitImpl-1.html]
[ninja.allexample.com/index.html-ninja-utils-HttpCacheToolkitImpl.html]
[ninja.allexample.com/HttpHeaderConstants-1.html]
[ninja.allexample.com/index.html-ninja-utils-HttpHeaderConstants.html]
[ninja.allexample.com/HttpHeaderUtils-1.html]
[ninja.allexample.com/index.html-ninja-utils-HttpHeaderUtils.html]
[ninja.allexample.com/ImplFromPropertiesFactory-1.html]
[ninja.allexample.com/index.html-ninja-utils-ImplFromPropertiesFactory.html]
[ninja.allexample.com/InternalServerErrorException-1.html]
[ninja.allexample.com/index.html-ninja-exceptions-InternalServerErrorException.html]
[ninja.allexample.com/IsDate-1.html]
[ninja.allexample.com/index.html-ninja-validation-IsDate.html]
[ninja.allexample.com/IsEnum-1.html]
[ninja.allexample.com/index.html-ninja-validation-IsEnum.html]
[ninja.allexample.com/IsFloat-1.html]
[ninja.allexample.com/index.html-ninja-validation-IsFloat.html]
[ninja.allexample.com/IsInteger-1.html]
[ninja.allexample.com/index.html-ninja-validation-IsInteger.html]
[ninja.allexample.com/IsUUID-1.html]
[ninja.allexample.com/index.html-ninja-validation-IsUUID.html]
[ninja.allexample.com/JpaInitializer-1.html]
[ninja.allexample.com/package-tree-15.html]
[ninja.allexample.com/index.html-ninja-jpa-JpaInitializer.html]
[ninja.allexample.com/JpaModule-1.html]
[ninja.allexample.com/index.html-ninja-jpa-JpaModule.html]
[ninja.allexample.com/JSR303Validation-1.html]
[ninja.allexample.com/index.html-ninja-validation-JSR303Validation.html]
[ninja.allexample.com/LambdaRoute-1.html]
[ninja.allexample.com/index.html-ninja-utils-LambdaRoute.html]
[ninja.allexample.com/Lambdas-1.html]
[ninja.allexample.com/index.html-ninja-utils-Lambdas.html]
[ninja.allexample.com/Lambdas.Kind-1.html]
[ninja.allexample.com/index.html-ninja-utils-Lambdas.Kind.html]
[ninja.allexample.com/Lambdas.LambdaInfo-1.html]
[ninja.allexample.com/index.html-ninja-utils-Lambdas.LambdaInfo.html]
[ninja.allexample.com/Lang-1.html]
[ninja.allexample.com/package-tree-16.html]
[ninja.allexample.com/index.html-ninja-i18n-Lang.html]
[ninja.allexample.com/LangImpl-1.html]
[ninja.allexample.com/index.html-ninja-i18n-LangImpl.html]
[ninja.allexample.com/Length-1.html]
[ninja.allexample.com/index.html-ninja-validation-Length.html]
[ninja.allexample.com/LifecycleException-1.html]
[ninja.allexample.com/index.html-ninja-lifecycle-LifecycleException.html]
[ninja.allexample.com/LifecycleService-1.html]
[ninja.allexample.com/index.html-ninja-lifecycle-LifecycleService.html]
[ninja.allexample.com/LifecycleServiceImpl-1.html]
[ninja.allexample.com/index.html-ninja-lifecycle-LifecycleServiceImpl.html]
[ninja.allexample.com/LifecycleSupport-1.html]
[ninja.allexample.com/index.html-ninja-lifecycle-LifecycleSupport.html]
[ninja.allexample.com/LogbackConfigurator-1.html]
[ninja.allexample.com/package-tree-17.html]
[ninja.allexample.com/index.html-ninja-logging-LogbackConfigurator.html]
[ninja.allexample.com/LoggerProvider-1.html]
[ninja.allexample.com/index.html-ninja-utils-LoggerProvider.html]
[ninja.allexample.com/Matches-1.html]
[ninja.allexample.com/index.html-ninja-validation-Matches.html]
[ninja.allexample.com/MemoryFileItemProvider-1.html]
[ninja.allexample.com/index.html-ninja-uploads-MemoryFileItemProvider.html]
[ninja.allexample.com/Message-1.html]
[ninja.allexample.com/index.html-ninja-utils-Message.html]
[ninja.allexample.com/Messages-1.html]
[ninja.allexample.com/index.html-ninja-i18n-Messages.html]
[ninja.allexample.com/MessagesImpl-1.html]
[ninja.allexample.com/index.html-ninja-i18n-MessagesImpl.html]
[ninja.allexample.com/MethodReference-1.html]
[ninja.allexample.com/index.html-ninja-utils-MethodReference.html]
[ninja.allexample.com/MigrationEngine-1.html]
[ninja.allexample.com/package-tree-18.html]
[ninja.allexample.com/index.html-ninja-migrations-MigrationEngine.html]
[ninja.allexample.com/MigrationEngineFlyway-1.html]
[ninja.allexample.com/package-tree-19.html]
[ninja.allexample.com/index.html-ninja-migrations-flyway-MigrationEngineFlyway.html]
[ninja.allexample.com/MigrationEngineProvider-1.html]
[ninja.allexample.com/index.html-ninja-migrations-MigrationEngineProvider.html]
[ninja.allexample.com/MigrationInitializer-1.html]
[ninja.allexample.com/index.html-ninja-migrations-MigrationInitializer.html]
[ninja.allexample.com/MimeTypes-1.html]
[ninja.allexample.com/index.html-ninja-utils-MimeTypes.html]
[ninja.allexample.com/Ninja-1.html]
[ninja.allexample.com/index.html-ninja-Ninja.html]
[ninja.allexample.com/NinjaBaseDirectoryResolver-1.html]
[ninja.allexample.com/index.html-ninja-utils-NinjaBaseDirectoryResolver.html]
[ninja.allexample.com/NinjaBaseModule-1.html]
[ninja.allexample.com/index.html-ninja-conf-NinjaBaseModule.html]
[ninja.allexample.com/NinjaCache-1.html]
[ninja.allexample.com/index.html-ninja-cache-NinjaCache.html]
[ninja.allexample.com/NinjaClassicModule-1.html]
[ninja.allexample.com/index.html-ninja-conf-NinjaClassicModule.html]
[ninja.allexample.com/NinjaConsole-1.html]
[ninja.allexample.com/index.html-ninja-standalone-NinjaConsole.html]
[ninja.allexample.com/NinjaConsole.ConsoleBootstrap-1.html]
[ninja.allexample.com/index.html-ninja-standalone-NinjaConsole.ConsoleBootstrap.html]
[ninja.allexample.com/NinjaConstant-1.html]
[ninja.allexample.com/index.html-ninja-utils-NinjaConstant.html]
[ninja.allexample.com/NinjaDefault-1.html]
[ninja.allexample.com/index.html-ninja-NinjaDefault.html]
[ninja.allexample.com/NinjaException-1.html]
[ninja.allexample.com/index.html-ninja-exceptions-NinjaException.html]
[ninja.allexample.com/NinjaMode-1.html]
[ninja.allexample.com/index.html-ninja-utils-NinjaMode.html]
[ninja.allexample.com/NinjaModeHelper-1.html]
[ninja.allexample.com/index.html-ninja-utils-NinjaModeHelper.html]
[ninja.allexample.com/NinjaProperties-1.html]
[ninja.allexample.com/index.html-ninja-utils-NinjaProperties.html]
[ninja.allexample.com/NinjaPropertiesImpl-1.html]
[ninja.allexample.com/index.html-ninja-utils-NinjaPropertiesImpl.html]
[ninja.allexample.com/NinjaPropertiesImplTool-1.html]
[ninja.allexample.com/index.html-ninja-utils-NinjaPropertiesImplTool.html]
[ninja.allexample.com/NoFileItemProvider-1.html]
[ninja.allexample.com/index.html-ninja-uploads-NoFileItemProvider.html]
[ninja.allexample.com/NoHttpBody-1.html]
[ninja.allexample.com/index.html-ninja-utils-NoHttpBody.html]
[ninja.allexample.com/NumberValue-1.html]
[ninja.allexample.com/index.html-ninja-validation-NumberValue.html]
[ninja.allexample.com/ObjectMapperProvider-1.html]
[ninja.allexample.com/index.html-ninja-utils-ObjectMapperProvider.html]
[ninja.allexample.com/OverlayedNinjaProperties-1.html]
[ninja.allexample.com/index.html-ninja-utils-OverlayedNinjaProperties.html]
[ninja.allexample.com/Param-1.html]
[ninja.allexample.com/index.html-ninja-params-Param.html]
[ninja.allexample.com/ParamParser-1.html]
[ninja.allexample.com/index.html-ninja-params-ParamParser.html]
[ninja.allexample.com/ParamParsers-1.html]
[ninja.allexample.com/index.html-ninja-params-ParamParsers.html]
[ninja.allexample.com/ParamParsers.ArrayParamParser-1.html]
[ninja.allexample.com/index.html-ninja-params-ParamParsers.ArrayParamParser.html]
[ninja.allexample.com/ParamParsers.BooleanParamParser-1.html]
[ninja.allexample.com/index.html-ninja-params-ParamParsers.BooleanParamParser.html]
[ninja.allexample.com/ParamParsers.ByteParamParser-1.html]
[ninja.allexample.com/index.html-ninja-params-ParamParsers.ByteParamParser.html]
[ninja.allexample.com/ParamParsers.CharacterParamParser-1.html]
[ninja.allexample.com/index.html-ninja-params-ParamParsers.CharacterParamParser.html]
[ninja.allexample.com/ParamParsers.CsvParamParser-1.html]
[ninja.allexample.com/index.html-ninja-params-ParamParsers.CsvParamParser.html]
[ninja.allexample.com/ParamParsers.DateParamParser-1.html]
[ninja.allexample.com/index.html-ninja-params-ParamParsers.DateParamParser.html]
[ninja.allexample.com/ParamParsers.DoubleParamParser-1.html]
[ninja.allexample.com/index.html-ninja-params-ParamParsers.DoubleParamParser.html]
[ninja.allexample.com/ParamParsers.EmptyStringParamParser-1.html]
[ninja.allexample.com/index.html-ninja-params-ParamParsers.EmptyStringParamParser.html]
[ninja.allexample.com/ParamParsers.FloatParamParser-1.html]
[ninja.allexample.com/index.html-ninja-params-ParamParsers.FloatParamParser.html]
[ninja.allexample.com/ParamParsers.GenericEnumParamParser-1.html]
[ninja.allexample.com/index.html-ninja-params-ParamParsers.GenericEnumParamParser.html]
[ninja.allexample.com/ParamParsers.IntegerParamParser-1.html]
[ninja.allexample.com/index.html-ninja-params-ParamParsers.IntegerParamParser.html]
[ninja.allexample.com/ParamParsers.ListParamParser-1.html]
[ninja.allexample.com/index.html-ninja-params-ParamParsers.ListParamParser.html]
[ninja.allexample.com/ParamParsers.LongParamParser-1.html]
[ninja.allexample.com/index.html-ninja-params-ParamParsers.LongParamParser.html]
[ninja.allexample.com/ParamParsers.PrimitiveBooleanParamParser-1.html]
[ninja.allexample.com/index.html-ninja-params-ParamParsers.PrimitiveBooleanParamParser.html]
[ninja.allexample.com/ParamParsers.PrimitiveByteParamParser-1.html]
[ninja.allexample.com/index.html-ninja-params-ParamParsers.PrimitiveByteParamParser.html]
[ninja.allexample.com/ParamParsers.PrimitiveCharacterParamParser-1.html]
[ninja.allexample.com/index.html-ninja-params-ParamParsers.PrimitiveCharacterParamParser.html]
[ninja.allexample.com/ParamParsers.PrimitiveDoubleParamParser-1.html]
[ninja.allexample.com/index.html-ninja-params-ParamParsers.PrimitiveDoubleParamParser.html]
[ninja.allexample.com/ParamParsers.PrimitiveFloatParamParser-1.html]
[ninja.allexample.com/index.html-ninja-params-ParamParsers.PrimitiveFloatParamParser.html]
[ninja.allexample.com/ParamParsers.PrimitiveIntegerParamParser-1.html]
[ninja.allexample.com/index.html-ninja-params-ParamParsers.PrimitiveIntegerParamParser.html]
[ninja.allexample.com/ParamParsers.PrimitiveLongParamParser-1.html]
[ninja.allexample.com/index.html-ninja-params-ParamParsers.PrimitiveLongParamParser.html]
[ninja.allexample.com/ParamParsers.PrimitiveShortParamParser-1.html]
[ninja.allexample.com/index.html-ninja-params-ParamParsers.PrimitiveShortParamParser.html]
[ninja.allexample.com/ParamParsers.ShortParamParser-1.html]
[ninja.allexample.com/index.html-ninja-params-ParamParsers.ShortParamParser.html]
[ninja.allexample.com/ParamParsers.StringParamParser-1.html]
[ninja.allexample.com/index.html-ninja-params-ParamParsers.StringParamParser.html]
[ninja.allexample.com/ParamParsers.UUIDParamParser-1.html]
[ninja.allexample.com/index.html-ninja-params-ParamParsers.UUIDParamParser.html]
[ninja.allexample.com/Params-1.html]
[ninja.allexample.com/index.html-ninja-params-Params.html]
[ninja.allexample.com/ParsingArgumentExtractor-1.html]
[ninja.allexample.com/index.html-ninja-params-ParsingArgumentExtractor.html]
[ninja.allexample.com/ParsingArrayExtractor-1.html]
[ninja.allexample.com/index.html-ninja-params-ParsingArrayExtractor.html]
[ninja.allexample.com/PathParam-1.html]
[ninja.allexample.com/index.html-ninja-params-PathParam.html]
[ninja.allexample.com/Renderable-1.html]
[ninja.allexample.com/index.html-ninja-Renderable.html]
[ninja.allexample.com/RenderingException-1.html]
[ninja.allexample.com/index.html-ninja-exceptions-RenderingException.html]
[ninja.allexample.com/RequestNotFoundException-1.html]
[ninja.allexample.com/index.html-ninja-exceptions-RequestNotFoundException.html]
[ninja.allexample.com/Required-1.html]
[ninja.allexample.com/index.html-ninja-validation-Required.html]
[ninja.allexample.com/ResponseStreams-1.html]
[ninja.allexample.com/index.html-ninja-utils-ResponseStreams.html]
[ninja.allexample.com/Result-1.html]
[ninja.allexample.com/index.html-ninja-Result.html]
[ninja.allexample.com/ResultHandler-1.html]
[ninja.allexample.com/index.html-ninja-utils-ResultHandler.html]
[ninja.allexample.com/Results-1.html]
[ninja.allexample.com/index.html-ninja-Results.html]
[ninja.allexample.com/ReverseRouter-1.html]
[ninja.allexample.com/index.html-ninja-ReverseRouter.html]
[ninja.allexample.com/ReverseRouter.Builder-1.html]
[ninja.allexample.com/index.html-ninja-ReverseRouter.Builder.html]
[ninja.allexample.com/Route-1.html]
[ninja.allexample.com/index.html-ninja-Route.html]
[ninja.allexample.com/RouteBuilder-1.html]
[ninja.allexample.com/index.html-ninja-RouteBuilder.html]
[ninja.allexample.com/RouteBuilderImpl-1.html]
[ninja.allexample.com/index.html-ninja-RouteBuilderImpl.html]
[ninja.allexample.com/RouteParameter-1.html]
[ninja.allexample.com/index.html-ninja-RouteParameter.html]
[ninja.allexample.com/Router-1.html]
[ninja.allexample.com/index.html-ninja-Router.html]
[ninja.allexample.com/RouterImpl-1.html]
[ninja.allexample.com/index.html-ninja-RouterImpl.html]
[ninja.allexample.com/RoutingException-1.html]
[ninja.allexample.com/index.html-ninja-RoutingException.html]
[ninja.allexample.com/Schedule-1.html]
[ninja.allexample.com/package-tree-20.html]
[ninja.allexample.com/index.html-ninja-scheduler-Schedule.html]
[ninja.allexample.com/Scheduler-2.html]
[ninja.allexample.com/index.html-ninja-scheduler-Scheduler.html]
[ninja.allexample.com/SchedulerSupport-1.html]
[ninja.allexample.com/index.html-ninja-scheduler-SchedulerSupport.html]
[ninja.allexample.com/SecretGenerator-1.html]
[ninja.allexample.com/index.html-ninja-utils-SecretGenerator.html]
[ninja.allexample.com/SecureFilter-1.html]
[ninja.allexample.com/index.html-ninja-SecureFilter.html]
[ninja.allexample.com/Session-1.html]
[ninja.allexample.com/index.html-ninja-session-Session.html]
[ninja.allexample.com/SessionImpl-1.html]
[ninja.allexample.com/index.html-ninja-session-SessionImpl.html]
[ninja.allexample.com/SessionParam-1.html]
[ninja.allexample.com/index.html-ninja-params-SessionParam.html]
[ninja.allexample.com/SourceSnippet-1.html]
[ninja.allexample.com/index.html-ninja-diagnostics-SourceSnippet.html]
[ninja.allexample.com/SourceSnippetHelper-1.html]
[ninja.allexample.com/index.html-ninja-diagnostics-SourceSnippetHelper.html]
[ninja.allexample.com/Standalone-1.html]
[ninja.allexample.com/index.html-ninja-standalone-Standalone.html]
[ninja.allexample.com/StandaloneHelper-1.html]
[ninja.allexample.com/index.html-ninja-standalone-StandaloneHelper.html]
[ninja.allexample.com/Start-1.html]
[ninja.allexample.com/index.html-ninja-lifecycle-Start.html]
[ninja.allexample.com/State-1.html]
[ninja.allexample.com/index.html-ninja-lifecycle-State.html]
[ninja.allexample.com/SwissKnife-1.html]
[ninja.allexample.com/index.html-ninja-utils-SwissKnife.html]
[ninja.allexample.com/TemplateEngine-1.html]
[ninja.allexample.com/package-tree-21.html]
[ninja.allexample.com/index.html-ninja-template-TemplateEngine.html]
[ninja.allexample.com/TemplateEngineFreemarker-1.html]
[ninja.allexample.com/index.html-ninja-template-TemplateEngineFreemarker.html]
[ninja.allexample.com/TemplateEngineFreemarkerAssetsAtMethod-1.html]
[ninja.allexample.com/index.html-ninja-template-TemplateEngineFreemarkerAssetsAtMethod.html]
[ninja.allexample.com/TemplateEngineFreemarkerAuthenticityFormDirective-1.html]
[ninja.allexample.com/package-tree-22.html]
[ninja.allexample.com/index.html-ninja-template-directives-TemplateEngineFreemarkerAuthenticityFormDirective.html]
[ninja.allexample.com/TemplateEngineFreemarkerAuthenticityTokenDirective-1.html]
[ninja.allexample.com/index.html-ninja-template-directives-TemplateEngineFreemarkerAuthenticityTokenDirective.html]
[ninja.allexample.com/TemplateEngineFreemarkerEscapedLoader-1.html]
[ninja.allexample.com/index.html-ninja-template-TemplateEngineFreemarkerEscapedLoader.html]
[ninja.allexample.com/TemplateEngineFreemarkerExceptionHandler-1.html]
[ninja.allexample.com/index.html-ninja-template-TemplateEngineFreemarkerExceptionHandler.html]
[ninja.allexample.com/TemplateEngineFreemarkerI18nMethod-1.html]
[ninja.allexample.com/index.html-ninja-template-TemplateEngineFreemarkerI18nMethod.html]
[ninja.allexample.com/TemplateEngineFreemarkerPrettyTimeMethod-1.html]
[ninja.allexample.com/index.html-ninja-template-TemplateEngineFreemarkerPrettyTimeMethod.html]
[ninja.allexample.com/TemplateEngineFreemarkerReverseRouteHelper-1.html]
[ninja.allexample.com/index.html-ninja-template-TemplateEngineFreemarkerReverseRouteHelper.html]
[ninja.allexample.com/TemplateEngineFreemarkerReverseRouteMethod-1.html]
[ninja.allexample.com/index.html-ninja-template-TemplateEngineFreemarkerReverseRouteMethod.html]
[ninja.allexample.com/TemplateEngineFreemarkerWebJarsAtMethod-1.html]
[ninja.allexample.com/index.html-ninja-template-TemplateEngineFreemarkerWebJarsAtMethod.html]
[ninja.allexample.com/TemplateEngineHelper-1.html]
[ninja.allexample.com/index.html-ninja-template-TemplateEngineHelper.html]
[ninja.allexample.com/TemplateEngineJson-1.html]
[ninja.allexample.com/index.html-ninja-template-TemplateEngineJson.html]
[ninja.allexample.com/TemplateEngineJsonP-1.html]
[ninja.allexample.com/index.html-ninja-template-TemplateEngineJsonP.html]
[ninja.allexample.com/TemplateEngineManager-1.html]
[ninja.allexample.com/index.html-ninja-template-TemplateEngineManager.html]
[ninja.allexample.com/TemplateEngineManagerImpl-1.html]
[ninja.allexample.com/index.html-ninja-template-TemplateEngineManagerImpl.html]
[ninja.allexample.com/TemplateEngineText-1.html]
[ninja.allexample.com/index.html-ninja-template-TemplateEngineText.html]
[ninja.allexample.com/TemplateEngineXml-1.html]
[ninja.allexample.com/index.html-ninja-template-TemplateEngineXml.html]
[ninja.allexample.com/TimeUtil-1.html]
[ninja.allexample.com/index.html-ninja-utils-TimeUtil.html]
[ninja.allexample.com/UnitOfWork-1.html]
[ninja.allexample.com/index.html-ninja-jpa-UnitOfWork.html]
[ninja.allexample.com/UnitOfWorkInterceptor-1.html]
[ninja.allexample.com/index.html-ninja-jpa-UnitOfWorkInterceptor.html]
[ninja.allexample.com/UsernamePasswordValidator-1.html]
[ninja.allexample.com/index.html-ninja-UsernamePasswordValidator.html]
[ninja.allexample.com/ValidatingArgumentExtractor-1.html]
[ninja.allexample.com/index.html-ninja-params-ValidatingArgumentExtractor.html]
[ninja.allexample.com/Validation-2.html]
[ninja.allexample.com/index.html-ninja-validation-Validation.html]
[ninja.allexample.com/ValidationImpl-1.html]
[ninja.allexample.com/index.html-ninja-validation-ValidationImpl.html]
[ninja.allexample.com/Validator-1.html]
[ninja.allexample.com/index.html-ninja-validation-Validator.html]
[ninja.allexample.com/Validators-1.html]
[ninja.allexample.com/index.html-ninja-validation-Validators.html]
[ninja.allexample.com/Validators.DateValidator-1.html]
[ninja.allexample.com/index.html-ninja-validation-Validators.DateValidator.html]
[ninja.allexample.com/Validators.EnumValidator-1.html]
[ninja.allexample.com/index.html-ninja-validation-Validators.EnumValidator.html]
[ninja.allexample.com/Validators.FloatValidator-1.html]
[ninja.allexample.com/index.html-ninja-validation-Validators.FloatValidator.html]
[ninja.allexample.com/Validators.IntegerValidator-1.html]
[ninja.allexample.com/index.html-ninja-validation-Validators.IntegerValidator.html]
[ninja.allexample.com/Validators.JSRValidator-1.html]
[ninja.allexample.com/index.html-ninja-validation-Validators.JSRValidator.html]
[ninja.allexample.com/Validators.LengthValidator-1.html]
[ninja.allexample.com/index.html-ninja-validation-Validators.LengthValidator.html]
[ninja.allexample.com/Validators.MatchesValidator-1.html]
[ninja.allexample.com/index.html-ninja-validation-Validators.MatchesValidator.html]
[ninja.allexample.com/Validators.NumberValidator-1.html]
[ninja.allexample.com/index.html-ninja-validation-Validators.NumberValidator.html]
[ninja.allexample.com/Validators.RequiredValidator-1.html]
[ninja.allexample.com/index.html-ninja-validation-Validators.RequiredValidator.html]
[ninja.allexample.com/Validators.UUIDValidator-1.html]
[ninja.allexample.com/index.html-ninja-validation-Validators.UUIDValidator.html]
[ninja.allexample.com/WebSocketHandshake-1.html]
[ninja.allexample.com/index.html-ninja-websockets-WebSocketHandshake.html]
[ninja.allexample.com/WebSocketHandshakeExtractor-1.html]
[ninja.allexample.com/index.html-ninja-websockets-WebSocketHandshakeExtractor.html]
[ninja.allexample.com/WebSockets-2.html]
[ninja.allexample.com/index.html-ninja-websockets-WebSockets.html]
[ninja.allexample.com/WebSocketUtils-1.html]
[ninja.allexample.com/index.html-ninja-websockets-WebSocketUtils.html]
[ninja.allexample.com/WithArgumentExtractor-1.html]
[ninja.allexample.com/index.html-ninja-params-WithArgumentExtractor.html]
[ninja.allexample.com/WithArgumentExtractors-1.html]
[ninja.allexample.com/index.html-ninja-params-WithArgumentExtractors.html]
[ninja.allexample.com/WithControllerMethod-1.html]
[ninja.allexample.com/index.html-ninja-WithControllerMethod.html]
[ninja.allexample.com/WithValidator-1.html]
[ninja.allexample.com/index.html-ninja-validation-WithValidator.html]
[ninja.allexample.com/WrappedContext-1.html]
[ninja.allexample.com/index.html-ninja-WrappedContext.html]
[ninja.allexample.com/XmlMapperProvider-1.html]
[ninja.allexample.com/index.html-ninja-utils-XmlMapperProvider.html]
[ninja.allexample.com/index.html-overview-tree.html]
[ninja.allexample.com/index.html-deprecated-list.html]
[ninja.allexample.com/index.html-index-all.html]
[ninja.allexample.com/index.html-help-doc.html]
[ninja.allexample.com/package-use.html]
[ninja.allexample.com/index.html-ninja-package-summary.html]
[ninja.allexample.com/package-use-1.html]
[ninja.allexample.com/index.html-ninja-application-package-summary.html]
[ninja.allexample.com/package-use-2.html]
[ninja.allexample.com/index.html-ninja-bodyparser-package-summary.html]
[ninja.allexample.com/package-use-3.html]
[ninja.allexample.com/index.html-ninja-cache-package-summary.html]
[ninja.allexample.com/package-use-4.html]
[ninja.allexample.com/index.html-ninja-conf-package-summary.html]
[ninja.allexample.com/package-use-5.html]
[ninja.allexample.com/index.html-ninja-diagnostics-package-summary.html]
[ninja.allexample.com/package-use-6.html]
[ninja.allexample.com/index.html-ninja-exceptions-package-summary.html]
[ninja.allexample.com/package-use-7.html]
[ninja.allexample.com/index.html-ninja-i18n-package-summary.html]
[ninja.allexample.com/package-use-8.html]
[ninja.allexample.com/index.html-ninja-jpa-package-summary.html]
[ninja.allexample.com/package-use-9.html]
[ninja.allexample.com/index.html-ninja-lifecycle-package-summary.html]
[ninja.allexample.com/package-use-10.html]
[ninja.allexample.com/index.html-ninja-logging-package-summary.html]
[ninja.allexample.com/package-use-11.html]
[ninja.allexample.com/index.html-ninja-migrations-package-summary.html]
[ninja.allexample.com/package-use-12.html]
[ninja.allexample.com/index.html-ninja-migrations-flyway-package-summary.html]
[ninja.allexample.com/package-use-14.html]
[ninja.allexample.com/index.html-ninja-params-package-summary.html]
[ninja.allexample.com/package-use-13.html]
[ninja.allexample.com/index.html-ninja-scheduler-package-summary.html]
[ninja.allexample.com/package-use-15.html]
[ninja.allexample.com/index.html-ninja-session-package-summary.html]
[ninja.allexample.com/package-use-16.html]
[ninja.allexample.com/index.html-ninja-standalone-package-summary.html]
[ninja.allexample.com/package-use-17.html]
[ninja.allexample.com/index.html-ninja-template-package-summary.html]
[ninja.allexample.com/package-use-18.html]
[ninja.allexample.com/index.html-ninja-template-directives-package-summary.html]
[ninja.allexample.com/package-use-19.html]
[ninja.allexample.com/index.html-ninja-uploads-package-summary.html]
[ninja.allexample.com/package-use-20.html]
[ninja.allexample.com/index.html-ninja-utils-package-summary.html]
[ninja.allexample.com/package-use-21.html]
[ninja.allexample.com/index.html-ninja-validation-package-summary.html]
[ninja.allexample.com/package-use-22.html]
[ninja.allexample.com/index.html-ninja-websockets-package-summary.html]
[www.google.com/cse/intl/en/images/google_custom_search_watermark.gif]
